Fontconfig warning: using without calling FcInit()
ComponentParallelPlate::Setup: Geometry with N = 5 layers set.
ComponentParallelPlate::AddPlane: Added plane electrode.
Geometry:
  gasStart (anode)  = 0.31 cm
  gasEnd (cathode)  = 0.51 cm
  dGas              = 0.2 cm
  dTotal            = 0.82 cm

Weighting potential scan
0.31  0.842271
0.33  0.773817
0.35  0.705363
0.37  0.636909
0.39  0.568454
0.41  0.5
0.43  0.431546
0.45  0.363091
0.47  0.294637
0.49  0.226183
MediumMagboltz::LoadGasFile:
    Reading file c2h2f4_95-5_ic4h10_4-2_sf6_0-3.gas.
    Version 13.
    Gas composition set to iC4H10/SF6/C2H2F4 (4.2/0.3/95.5).
MediumMagboltz::LoadMobility:
    Read 3 values from file /home/phypc_lab_xmum/miniforge3/envs/physics/share/Garfield/Data/IonMobility_C8Hn+_iC4H10.txt

Gas box verification:
  Centre y  = 0.41 cm
  Half-len  = 0.1 cm
  y_min     = 0.31 cm  (should be 0.31)
  y_max     = 0.51 cm  (should be 0.51)
  Match     :  CORRECT

=== GAS PROPERTIES ===
Ey              = 41072.6 V/cm
vy (electron)   = -0.00908435 cm/ns
ivy (ion)       = 2.86519e-05 cm/ns
Alpha           = 69.1409 /cm
Eta             = 19.9295 /cm
Electron transit= 22.0159 ns
Ion transit     = 6980.33 ns
Sensor::AddElectrode:
    Added readout electrode "Readout".
    All signals are reset.
Sensor::SetTimeWindow: Resetting all signals.

Time window:
  tMax  = 10470.5 ns
  tStep = 1.04705 ns/bin
  nBins = 10000

Injecting electron at y=0.495  (cathode=0.51  anode=0.31)
AvalancheMicroscopic::TransportElectrons: Generation   0  particles      1  [░░░░░░░░░░░░░░]